../Core/Src/main.cpp:267:5:int main()	16	static
../Core/Src/main.cpp:409:6:void SystemClock_Config()	88	static
../Core/Src/main.cpp:455:13:void MX_ADC1_Init()	56	static
../Core/Src/main.cpp:526:13:void MX_ADC2_Init()	40	static
../Core/Src/main.cpp:588:13:void MX_FDCAN1_Init()	32	static
../Core/Src/main.cpp:688:13:void MX_I2C2_Init()	8	static
../Core/Src/main.cpp:736:13:void MX_I2C3_Init()	8	static
../Core/Src/main.cpp:784:13:void MX_LPUART1_UART_Init()	8	static
../Core/Src/main.cpp:831:13:void MX_SPI2_Init()	8	static
../Core/Src/main.cpp:871:13:void MX_TIM2_Init()	56	static
../Core/Src/main.cpp:929:13:void MX_TIM3_Init()	64	static
../Core/Src/main.cpp:989:13:void MX_GPIO_Init()	48	static
../Core/Src/main.cpp:1070:6:void Error_Handler()	4	static,ignoring_inline_asm
