../Core/Src/main.c:264:5:main	8	static
../Core/Src/main.c:401:6:SystemClock_Config	88	static
../Core/Src/main.c:447:13:MX_ADC1_Init	56	static
../Core/Src/main.c:518:13:MX_ADC2_Init	40	static
../Core/Src/main.c:580:13:MX_FDCAN1_Init	32	static
../Core/Src/main.c:680:13:MX_I2C2_Init	8	static
../Core/Src/main.c:728:13:MX_I2C3_Init	8	static
../Core/Src/main.c:776:13:MX_LPUART1_UART_Init	8	static
../Core/Src/main.c:823:13:MX_SPI2_Init	8	static
../Core/Src/main.c:863:13:MX_TIM2_Init	56	static
../Core/Src/main.c:921:13:MX_TIM3_Init	64	static
../Core/Src/main.c:981:13:MX_GPIO_Init	48	static
../Core/Src/main.c:1062:6:Error_Handler	4	static,ignoring_inline_asm
